[www.berlin-athletic.com/index.html]
[static.wixstatic.com/media/313907_a15fdc9d17ff417780afc4e8b469ad96.png/v1/fill/w_32,h_32,lg_1,usm_0.66_1.00_0.01/313907_a15fdc9d17ff417780afc4e8b469ad96.png]
[static.parastorage.com/unpkg/core-js-bundle@3.2.1/minified.js]
[static.parastorage.com/unpkg/focus-within-polyfill@5.0.9/dist/focus-within-polyfill.js]
[backblue.gif]
[fade.gif]
[index.html]
[polyfill.io/v3/polyfill.mind82c.js]
[browser.sentry-cdn.com/6.18.2/bundle.min.js]
[www.berlin-athletic.com/decodeURIComponent(e.5.delayed]
[www.berlin-athletic.com/sitemap.xml]
[www.berlin-athletic.com/feed.7.delayed]
[static.parastorage.com/services/wix-thunderbolt/dist/ab-test-compilation/thunderbolt-commons.7ca534fa.bundle.min.js]
[static.parastorage.com/services/wix-thunderbolt/dist/ab-test-compilation/main.c16c2c7f.bundle.min.js]
[static.parastorage.com/unpkg/lodash@4.17.21/lodash.min.js]
[static.parastorage.com/unpkg/react@16.14.0/umd/react.production.min.js]
[static.parastorage.com/services/tag-manager-client/1.427.0/siteTags.bundle.min.js]
[static.parastorage.com/services/wix-perf-measure/1.1042.0/wix-perf-measure.bundle.min.js]
[static.parastorage.com/unpkg/react-dom@16.14.0/umd/react-dom.production.min.js]
[www.berlin-athletic.com/eec152dc.min.f.delayed]
[www.berlin-athletic.com/02b07b80.min.10.delayed]
[www.berlin-athletic.com/7c602eb2.min.11.delayed]
[www.berlin-athletic.com/99a6a99f.min.12.delayed]
[www.berlin-athletic.com/2b8b066f.min.13.delayed]
[www.berlin-athletic.com/d078781b.min.14.delayed]
[www.berlin-athletic.com/7a36fe10.chunk.min.15.delayed]
[www.berlin-athletic.com/e3671379.chunk.min.16.delayed]
[www.berlin-athletic.com/rb_wixui.thunderbolt_bootstrap-classic.db545a77.chunk.min.17.delayed]
[www.berlin-athletic.com/rb_wixui.thunderbolt_bootstrap.8a86afda.chunk.min.18.delayed]
[www.berlin-athletic.com/rb_wixui.thunderbolt_bootstrap.7a36fe10.chunk.min.19.delayed]
[www.berlin-athletic.com/rb_wixui.thunderbolt_bootstrap-responsive.f3ca696f.chunk.min.1a.delayed]
[www.berlin-athletic.com/rb_wixui.thunderbolt_bootstrap-responsive.e3671379.chunk.min.1b.delayed]
[www.berlin-athletic.com/rb_wixui.thunderbolt_common-site-members-dialogs.384b0b57.chunk.min.1c.delayed]
[www.berlin-athletic.com/rb_wixui.thunderbolt_common-site-members-dialogs.2059cbfd.chunk.min.1d.delayed]
[static.wixstatic.com/media/313907_0913870a0d5c4e99ab8ab7f4e821b75f.png/v1/fill/w_62,h_52,al_c,q_85,usm_0.66_1.00_0.01,enc_auto/313907_0913870a0d5c4e99ab8ab7f4e821]
[www.berlin-athletic.com/10erkarte.html]
[static.wixstatic.com/media/313907_591611e728d24a0bb953b0f8da42ce60.jpg/v1/fill/w_145,h_96,al_c,q_80,usm_0.66_1.00_0.01,blur_2,/313907_591611e728d24a0bb953b0f8da42]
[static.wixstatic.com/media/313907_5812460913e84c339b8e6573d6d2aa4b.png/v1/fill/w_406,h_334,al_c,q_85,usm_0.66_1.00_0.01,enc_au/313907_5812460913e84c339b8e6573d6d2]
[www.berlin-athletic.com/impressum.html]
[www.berlin-athletic.com/agb.html]
[static.wixstatic.com/media/313907_0913870a0d5c4e99ab8ab7f4e821b75f.png/v1/fill/w_415,h_347,al_c,q_85,usm_0.66_1.00_0.01,enc_au/313907_0913870a0d5c4e99ab8ab7f4e821]
[static.wixstatic.com/media/313907_0eda84e94b79432191565e2338cd11ce.jpg/v1/crop/x_319,y_0,w_842,h_839/fill/w_97,h_97,al_c,q_80,usm_0.66_1.0/berlin_athletic-43.24.d]
[static.wixstatic.com/media/313907_c9a6dee9e3fc4e0683d3ecc3dd9e3707_mv2.png/v1/fill/w_60,h_16,al_c,q_85,usm_0.66_1.00_0.01,blur_2,enc_auto/class pass weiss.png]
[static.wixstatic.com/media/313907_bf0bb67b91624f1ba3a2aa410218bf53.jpg/v1/crop/x_78,y_143,w_765,h_765/fill/w_97,h_97,al_c,q_80,usm_0.66_1/berlin_athletic-44.25.d]
[static.wixstatic.com/media/313907_e5a1dacb773e4f6ab7c0837a95a72240.jpg/v1/crop/x_63,y_63,w_938,h_937/fill/w_97,h_97,al_c,q_80,usm_0.66_1.0/Berlin_athletics-250.26]
[static.wixstatic.com/media/313907_1588e147e2fb48dcad669d711452eced.jpg/v1/crop/x_8,y_29,w_709,h_709/fill/w_97,h_97,al_c,q_80,usm_0.66_1.00/Berlin_athletics-148.27]
[static.wixstatic.com/media/313907_032cc2d8254342848f4c2aee042f3d59_mv2.jpg/v1/fill/w_147,h_69,al_c,q_80,usm_0.66_1.00_0.01,blur_2,/313907_032cc2d8254342848f4c2aee]
[static.wixstatic.com/media/313907_c4312dd1fe0c4ac5a58e9085a6501c3a.jpg/v1/fill/w_147,h_72,al_c,q_80,usm_0.66_1.00_0.01,blur_2,/313907_c4312dd1fe0c4ac5a58e9085a650]
[static.wixstatic.com/media/313907_5bbe1c0b87314f8b9cee57e8e60cef5a_mv2.jpg/v1/fill/w_54,h_54,al_c,q_80,usm_0.66_1.00_0.01,blur_2,enc_auto/DSC_0058.jpg]
[static.wixstatic.com/media/313907_98d81c2466ec4132a5c07056b0b4f339.jpg/v1/fill/w_133,h_76,al_c,q_80,usm_0.66_1.00_0.01,blur_2,/313907_98d81c2466ec4132a5c07056b0b4]
[static.wixstatic.com/media/313907_cec4b5915f42437cab9fe117b6947cd8_mv2.png/v1/fill/w_55,h_66,al_c,q_85,usm_0.66_1.00_0.01,blur_2,e/UrbanSportsClub_Logo_Unicon_Whi]
[static.wixstatic.com/media/313907_a15fdc9d17ff417780afc4e8b469ad96.png/v1/fill/w_95,h_95,al_c,q_85,usm_0.66_1.00_0.01,blur_2,e/fb_logo-functionaltrainingzusatz-01]
[static.wixstatic.com/media/313907_3fbd59e5a2c64bdeb2af519c781e6b84_mv2.jpg/v1/fill/w_52,h_52,al_c,q_80,usm_0.66_1.00_0.01,blur_2,enc_auto/DSC_0050.jpg]
[www.berlin-athletic.com/index.html]
[static.wixstatic.com/media/313907_26bb4a1462a84799b8a54caafd1e6ae4.jpg/v1/fill/w_122,h_81,al_c,q_80,usm_0.66_1.00_0.01,blur_2,/313907_26bb4a1462a84799b8a54caafd1e]
[static.wixstatic.com/media/313907_0fb6478e2e364b2b8e44e13ce05d37e9_mv2.jpg/v1/crop/x_168,y_225,w_393,h_407/fill/w_51,h_53,al_c,q_80,usm_0/PHOTO-2022-03-04-17-30-]
[www.berlin-athletic.com/decodeURIComponent(e.html]
[www.berlin-athletic.com/feed.html]
[www.berlin-athletic.com/eec152dc.min.html]
[www.berlin-athletic.com/02b07b80.min.html]
[www.berlin-athletic.com/7c602eb2.min.html]
[www.berlin-athletic.com/99a6a99f.min.html]
[www.berlin-athletic.com/2b8b066f.min.html]
[www.berlin-athletic.com/d078781b.min.html]
[www.berlin-athletic.com/7a36fe10.chunk.min.html]
[www.berlin-athletic.com/e3671379.chunk.min.html]
[www.berlin-athletic.com/rb_wixui.thunderbolt_bootstrap-classic.db545a77.chunk.min.html]
[www.berlin-athletic.com/rb_wixui.thunderbolt_bootstrap.8a86afda.chunk.min.html]
[www.berlin-athletic.com/rb_wixui.thunderbolt_bootstrap.7a36fe10.chunk.min.html]
[www.berlin-athletic.com/rb_wixui.thunderbolt_bootstrap-responsive.f3ca696f.chunk.min.html]
[www.berlin-athletic.com/rb_wixui.thunderbolt_bootstrap-responsive.e3671379.chunk.min.html]
[www.berlin-athletic.com/rb_wixui.thunderbolt_common-site-members-dialogs.384b0b57.chunk.min.html]
[www.berlin-athletic.com/rb_wixui.thunderbolt_common-site-members-dialogs.2059cbfd.chunk.min.html]
[static.wixstatic.com/media/313907_0913870a0d5c4e99ab8ab7f4e821b75f.png/v1/fill/w_157,h_129,al_c,q_85,usm_0.66_1.00_0.01,blur_3/313907_0913870a0d5c4e99ab8ab7f4e821]
[static.parastorage.com/services/wix-thunderbolt/dist/bootstrap-features.9ca6e510.bundle.min.js]
[static.wixstatic.com/media/313907_ffd76ed3b3f44c6c807ba25207619378.jpg/v1/fill/w_147,h_74,al_c,q_80,usm_0.66_1.00_0.01,blur_2,/313907_ffd76ed3b3f44c6c807ba2520761]
[static.parastorage.com/services/wix-thunderbolt/dist/main.cb675ae8.bundle.min.js]
[www.berlin-athletic.com/version/index.html]
[www.berlin-athletic.com/5f494459.min.37.delayed]
[www.berlin-athletic.com/dee20801.min.38.delayed]
[www.berlin-athletic.com/10erkarte.html]
[static.wixstatic.com/media/313907_9b912c5bd5104c9a8743bdfd02061387_mv2.jpg/v1/fill/w_288,h_216,al_c,q_80,usm_0.66_1.00_0.01,blur_2/313907_9b912c5bd5104c9a8743bdfd]
[www.berlin-athletic.com/impressum.html]
[www.berlin-athletic.com/agb.html]
[www.berlin-athletic.com/version/index.html]
[www.berlin-athletic.com/5f494459.min.html]
[www.berlin-athletic.com/dee20801.min.html]
[www.berlin-athletic.com/datenschutz.html]
[www.berlin-athletic.com/datenschutz.html]
